<html>
<body>
<pre>
<h1>µVision Build Log</h1>
<h2>Project:</h2>
C:\Users\ACER\OneDrive\Desktop\SPI_LPC2148\masterSendingChar\masterSendingChar.uvproj
Project File Date:  01/31/2024

<h2>Output:</h2>
Build target 'Target 1'
assembling Startup.s...
compiling main.c...
main.c(16): error:  #20: identifier "ch" is undefined
main.c(20): warning:  #111-D: statement is unreachable
main.c(21): warning:  #1-D: last line of file ends without a newline
Target not created
Build target 'Target 1'
compiling main.c...
main.c(20): warning:  #111-D: statement is unreachable
main.c(21): warning:  #1-D: last line of file ends without a newline
linking...
Program Size: Code=860 RO-data=16 RW-data=0 ZI-data=1256  
FromELF: creating hex file...
"masterSendingChar.axf" - 0 Error(s), 2 Warning(s).
Build target 'Target 1'
compiling main.c...
main.c(18): warning:  #111-D: statement is unreachable
main.c(19): warning:  #1-D: last line of file ends without a newline
linking...
Program Size: Code=824 RO-data=16 RW-data=0 ZI-data=1256  
FromELF: creating hex file...
"masterSendingChar.axf" - 0 Error(s), 2 Warning(s).
Build target 'Target 1'
compiling main.c...
main.c(20): warning:  #111-D: statement is unreachable
main.c(21): warning:  #1-D: last line of file ends without a newline
linking...
Program Size: Code=856 RO-data=16 RW-data=0 ZI-data=1256  
FromELF: creating hex file...
"masterSendingChar.axf" - 0 Error(s), 2 Warning(s).
Build target 'Target 1'
compiling main.c...
main.c(20): warning:  #111-D: statement is unreachable
main.c(21): warning:  #1-D: last line of file ends without a newline
main.c(5): warning:  #177-D: variable "i" was declared but never referenced
linking...
Program Size: Code=828 RO-data=16 RW-data=0 ZI-data=1256  
FromELF: creating hex file...
"masterSendingChar.axf" - 0 Error(s), 3 Warning(s).
Build target 'Target 1'
compiling main.c...
main.c(23): warning:  #111-D: statement is unreachable
main.c(24): warning:  #1-D: last line of file ends without a newline
main.c(6): warning:  #550-D: variable "ch" was set but never used
linking...
Program Size: Code=872 RO-data=16 RW-data=0 ZI-data=1256  
FromELF: creating hex file...
"masterSendingChar.axf" - 0 Error(s), 3 Warning(s).
Build target 'Target 1'
compiling main.c...
main.c(21): warning:  #111-D: statement is unreachable
main.c(22): warning:  #1-D: last line of file ends without a newline
main.c(6): warning:  #177-D: variable "ch" was declared but never referenced
linking...
Program Size: Code=856 RO-data=16 RW-data=0 ZI-data=1256  
FromELF: creating hex file...
"masterSendingChar.axf" - 0 Error(s), 3 Warning(s).
Build target 'Target 1'
compiling main.c...
main.c(23): warning:  #111-D: statement is unreachable
main.c(24): warning:  #1-D: last line of file ends without a newline
main.c(6): warning:  #177-D: variable "ch" was declared but never referenced
linking...
Program Size: Code=876 RO-data=16 RW-data=0 ZI-data=1256  
FromELF: creating hex file...
"masterSendingChar.axf" - 0 Error(s), 3 Warning(s).
Build target 'Target 1'
compiling main.c...
main.c(23): warning:  #111-D: statement is unreachable
main.c(24): warning:  #1-D: last line of file ends without a newline
main.c(6): warning:  #177-D: variable "ch" was declared but never referenced
linking...
Program Size: Code=892 RO-data=16 RW-data=0 ZI-data=1256  
FromELF: creating hex file...
"masterSendingChar.axf" - 0 Error(s), 3 Warning(s).
Build target 'Target 1'
compiling main.c...
main.c(23): warning:  #111-D: statement is unreachable
main.c(24): warning:  #1-D: last line of file ends without a newline
main.c(6): warning:  #177-D: variable "ch" was declared but never referenced
linking...
Program Size: Code=892 RO-data=16 RW-data=0 ZI-data=1256  
FromELF: creating hex file...
"masterSendingChar.axf" - 0 Error(s), 3 Warning(s).
Build target 'Target 1'
compiling main.c...
main.c(23): warning:  #111-D: statement is unreachable
main.c(24): warning:  #1-D: last line of file ends without a newline
main.c(6): warning:  #177-D: variable "ch" was declared but never referenced
linking...
Program Size: Code=892 RO-data=16 RW-data=0 ZI-data=1256  
FromELF: creating hex file...
"masterSendingChar.axf" - 0 Error(s), 3 Warning(s).
Build target 'Target 1'
compiling main.c...
main.c(23): warning:  #111-D: statement is unreachable
main.c(24): warning:  #1-D: last line of file ends without a newline
main.c(6): warning:  #177-D: variable "ch" was declared but never referenced
linking...
Program Size: Code=892 RO-data=16 RW-data=0 ZI-data=1256  
FromELF: creating hex file...
"masterSendingChar.axf" - 0 Error(s), 3 Warning(s).
Build target 'Target 1'
compiling main.c...
main.c(23): warning:  #111-D: statement is unreachable
main.c(24): warning:  #1-D: last line of file ends without a newline
main.c(6): warning:  #177-D: variable "ch" was declared but never referenced
linking...
Program Size: Code=892 RO-data=16 RW-data=0 ZI-data=1256  
FromELF: creating hex file...
"masterSendingChar.axf" - 0 Error(s), 3 Warning(s).
Build target 'Target 1'
compiling main.c...
main.c(21): warning:  #111-D: statement is unreachable
main.c(22): warning:  #1-D: last line of file ends without a newline
main.c(6): warning:  #177-D: variable "ch" was declared but never referenced
linking...
Program Size: Code=848 RO-data=16 RW-data=0 ZI-data=1256  
FromELF: creating hex file...
"masterSendingChar.axf" - 0 Error(s), 3 Warning(s).
Build target 'Target 1'
compiling main.c...
main.c(21): warning:  #111-D: statement is unreachable
main.c(22): warning:  #1-D: last line of file ends without a newline
main.c(6): warning:  #177-D: variable "ch" was declared but never referenced
linking...
Program Size: Code=856 RO-data=16 RW-data=0 ZI-data=1256  
FromELF: creating hex file...
"masterSendingChar.axf" - 0 Error(s), 3 Warning(s).
Build target 'Target 1'
compiling main.c...
main.c(22): warning:  #111-D: statement is unreachable
main.c(23): warning:  #1-D: last line of file ends without a newline
main.c(6): warning:  #177-D: variable "ch" was declared but never referenced
linking...
Program Size: Code=876 RO-data=16 RW-data=0 ZI-data=1256  
FromELF: creating hex file...
"masterSendingChar.axf" - 0 Error(s), 3 Warning(s).
